2026-05-22 13:23:07.239 [main] [trace=,span=] INFO  com.yasirkhan.auth.AuthServiceApplication - Starting AuthServiceApplication using Java 17.0.11 with PID 6852 (D:\Uni Data\8th Semester\FYP II\BackEnd\auth-service\target\classes started by yasir in D:\Uni Data\8th Semester\FYP II\BackEnd\auth-service)
2026-05-22 13:23:07.273 [main] [trace=,span=] INFO  com.yasirkhan.auth.AuthServiceApplication - No active profile set, falling back to 1 default profile: "default"
2026-05-22 13:23:08.080 [background-preinit] [trace=,span=] INFO  org.hibernate.validator.internal.util.Version - HV000001: Hibernate Validator 9.0.1.Final
2026-05-22 13:23:14.985 [main] [trace=,span=] INFO  org.apache.coyote.http11.Http11NioProtocol - Initializing ProtocolHandler ["http-nio-8762"]
2026-05-22 13:23:14.990 [main] [trace=,span=] INFO  org.apache.catalina.core.StandardService - Starting service [Tomcat]
2026-05-22 13:23:14.991 [main] [trace=,span=] INFO  org.apache.catalina.core.StandardEngine - Starting Servlet engine: [Apache Tomcat/11.0.22]
2026-05-22 13:23:16.381 [main] [trace=,span=] INFO  org.hibernate.orm.jpa - HHH008540: Processing PersistenceUnitInfo [name: default]
2026-05-22 13:23:16.639 [main] [trace=,span=] INFO  org.hibernate.orm.core - HHH000001: Hibernate ORM core version 7.2.12.Final
2026-05-22 13:23:18.387 [main] [trace=,span=] INFO  com.zaxxer.hikari.HikariDataSource - HikariPool-1 - Starting...
2026-05-22 13:23:19.075 [main] [trace=,span=] INFO  com.zaxxer.hikari.pool.HikariPool - HikariPool-1 - Added connection org.postgresql.jdbc.PgConnection@6b04689e
2026-05-22 13:23:19.080 [main] [trace=,span=] INFO  com.zaxxer.hikari.HikariDataSource - HikariPool-1 - Start completed.
2026-05-22 13:23:19.239 [main] [trace=,span=] WARN  org.hibernate.orm.deprecation - HHH90000025: PostgreSQLDialect does not need to be specified explicitly using 'hibernate.dialect' (remove the property setting and it will be selected by default)
2026-05-22 13:23:19.370 [main] [trace=,span=] INFO  org.hibernate.orm.connections.pooling - HHH10001005: Database info:
	Database JDBC URL [jdbc:postgresql://localhost:5432/wtms_auth_db]
	Database driver: PostgreSQL JDBC Driver
	Database dialect: PostgreSQLDialect
	Database version: 16.4
	Default catalog/schema: wtms_auth_db/public
	Autocommit mode: undefined/unknown
	Isolation level: READ_COMMITTED [default READ_COMMITTED]
	JDBC fetch size: none
	Pool: DataSourceConnectionProvider
	Minimum pool size: undefined/unknown
	Maximum pool size: undefined/unknown
2026-05-22 13:23:22.933 [main] [trace=,span=] INFO  org.hibernate.orm.core - HHH000489: No JTA platform available (set 'hibernate.transaction.jta.platform' to enable JTA platform integration)
2026-05-22 13:24:12.018 [main] [trace=,span=] INFO  com.netflix.discovery.DiscoveryClient - Initializing Eureka in region us-east-1
2026-05-22 13:24:12.029 [main] [trace=,span=] INFO  com.netflix.discovery.shared.resolver.aws.ConfigClusterResolver - Resolving eureka endpoints via configuration
2026-05-22 13:24:12.045 [main] [trace=,span=] INFO  com.netflix.discovery.DiscoveryClient - Disable delta property : false
2026-05-22 13:24:12.045 [main] [trace=,span=] INFO  com.netflix.discovery.DiscoveryClient - Single vip registry refresh property : null
2026-05-22 13:24:12.045 [main] [trace=,span=] INFO  com.netflix.discovery.DiscoveryClient - Force full registry fetch : false
2026-05-22 13:24:12.045 [main] [trace=,span=] INFO  com.netflix.discovery.DiscoveryClient - Application is null : false
2026-05-22 13:24:12.045 [main] [trace=,span=] INFO  com.netflix.discovery.DiscoveryClient - Registered Applications size is zero : true
2026-05-22 13:24:12.045 [main] [trace=,span=] INFO  com.netflix.discovery.DiscoveryClient - Application version is -1: true
2026-05-22 13:24:12.045 [main] [trace=,span=] INFO  com.netflix.discovery.DiscoveryClient - Getting all instance registry info from the eureka server
2026-05-22 13:24:12.808 [main] [trace=,span=] INFO  com.netflix.discovery.DiscoveryClient - The response status is 200
2026-05-22 13:24:12.810 [main] [trace=,span=] INFO  com.netflix.discovery.DiscoveryClient - Starting heartbeat executor: renew interval is: 30
2026-05-22 13:24:12.813 [main] [trace=,span=] INFO  com.netflix.discovery.InstanceInfoReplicator - InstanceInfoReplicator onDemand update allowed rate per min is 4
2026-05-22 13:24:12.817 [main] [trace=,span=] INFO  com.netflix.discovery.DiscoveryClient - Discovery Client initialized at timestamp 1779438252814 with initial instances count: 1
2026-05-22 13:24:12.826 [main] [trace=,span=] INFO  com.netflix.discovery.DiscoveryClient - Saw local status change event StatusChangeEvent [timestamp=1779438252826, current=UP, previous=STARTING]
2026-05-22 13:24:12.829 [DiscoveryClient-InstanceInfoReplicator-%d] [trace=,span=] INFO  com.netflix.discovery.DiscoveryClient - DiscoveryClient_AUTH-SERVICE/DESKTOP-0NACNM9:auth-service:8762: registering service...
2026-05-22 13:24:12.832 [main] [trace=,span=] INFO  org.apache.coyote.http11.Http11NioProtocol - Starting ProtocolHandler ["http-nio-8762"]
2026-05-22 13:24:12.921 [DiscoveryClient-InstanceInfoReplicator-%d] [trace=,span=] INFO  com.netflix.discovery.DiscoveryClient - DiscoveryClient_AUTH-SERVICE/DESKTOP-0NACNM9:auth-service:8762 - registration status: 204
2026-05-22 13:24:13.353 [main] [trace=,span=] INFO  com.yasirkhan.auth.AuthServiceApplication - Started AuthServiceApplication in 67.908 seconds (process running for 71.934)
2026-05-22 13:24:13.367 [main] [trace=,span=] WARN  org.springdoc.core.events.SpringDocAppInitializer - SpringDoc /v3/api-docs endpoint is enabled by default. To disable it in production, set the property 'springdoc.api-docs.enabled=false'
2026-05-22 13:24:13.367 [main] [trace=,span=] WARN  org.springdoc.core.events.SpringDocAppInitializer - SpringDoc /swagger-ui.html endpoint is enabled by default. To disable it in production, set the property 'springdoc.swagger-ui.enabled=false'
2026-05-22 13:24:13.808 [RMI TCP Connection(2)-192.168.100.88] [trace=,span=] INFO  org.apache.catalina.core.ContainerBase.[Tomcat].[localhost].[/] - Initializing Spring DispatcherServlet 'dispatcherServlet'
2026-05-22 13:25:38.745 [http-nio-8762-exec-1] [trace=,span=] DEBUG org.hibernate.SQL - select rt1_0.id,rt1_0.expiration_date,rt1_0.token,rt1_0.user_id,u1_0.id,u1_0.email,u1_0.is_blocked,u1_0.password,u1_0.role,u1_0.token_version,u1_0.username from refresh_token rt1_0 join wtms_user u1_0 on u1_0.id=rt1_0.user_id where rt1_0.token=?
2026-05-22 13:28:59.261 [http-nio-8762-exec-3] [trace=,span=] DEBUG org.hibernate.SQL - select u1_0.id,u1_0.email,u1_0.is_blocked,u1_0.password,rt1_0.id,rt1_0.expiration_date,rt1_0.token,rt1_0.user_id,u1_0.role,u1_0.token_version,u1_0.username from wtms_user u1_0 left join refresh_token rt1_0 on u1_0.id=rt1_0.user_id where u1_0.username=?
2026-05-22 13:28:59.605 [http-nio-8762-exec-3] [trace=,span=] DEBUG org.hibernate.SQL - select u1_0.id,u1_0.email,u1_0.is_blocked,u1_0.password,rt1_0.id,rt1_0.expiration_date,rt1_0.token,rt1_0.user_id,u1_0.role,u1_0.token_version,u1_0.username from wtms_user u1_0 left join refresh_token rt1_0 on u1_0.id=rt1_0.user_id
2026-05-22 13:29:12.058 [AsyncResolver-bootstrap-executor-%d] [trace=,span=] INFO  com.netflix.discovery.shared.resolver.aws.ConfigClusterResolver - Resolving eureka endpoints via configuration
2026-05-22 13:29:46.335 [HikariPool-1:housekeeper] [trace=,span=] WARN  com.zaxxer.hikari.pool.PoolBase - HikariPool-1 - Failed to validate connection org.postgresql.jdbc.PgConnection@7c3f127c (This connection has been closed.). Possibly consider using a shorter maxLifetime value.
2026-05-22 13:29:47.623 [HikariPool-1:housekeeper] [trace=,span=] WARN  com.zaxxer.hikari.pool.PoolBase - HikariPool-1 - Failed to validate connection org.postgresql.jdbc.PgConnection@39206d66 (This connection has been closed.). Possibly consider using a shorter maxLifetime value.
2026-05-22 13:29:48.784 [HikariPool-1:housekeeper] [trace=,span=] WARN  com.zaxxer.hikari.pool.PoolBase - HikariPool-1 - Failed to validate connection org.postgresql.jdbc.PgConnection@3d0834cc (This connection has been closed.). Possibly consider using a shorter maxLifetime value.
2026-05-22 13:29:51.356 [HikariPool-1:housekeeper] [trace=,span=] WARN  com.zaxxer.hikari.pool.PoolBase - HikariPool-1 - Failed to validate connection org.postgresql.jdbc.PgConnection@664d0c4 (This connection has been closed.). Possibly consider using a shorter maxLifetime value.
2026-05-22 13:29:53.185 [HikariPool-1:housekeeper] [trace=,span=] WARN  com.zaxxer.hikari.pool.PoolBase - HikariPool-1 - Failed to validate connection org.postgresql.jdbc.PgConnection@6b04689e (This connection has been closed.). Possibly consider using a shorter maxLifetime value.
2026-05-22 13:30:07.796 [SpringApplicationShutdownHook] [trace=,span=] INFO  com.netflix.discovery.DiscoveryClient - Saw local status change event StatusChangeEvent [timestamp=1779438607796, current=DOWN, previous=UP]
2026-05-22 13:30:07.797 [DiscoveryClient-InstanceInfoReplicator-%d] [trace=,span=] INFO  com.netflix.discovery.DiscoveryClient - DiscoveryClient_AUTH-SERVICE/DESKTOP-0NACNM9:auth-service:8762: registering service...
2026-05-22 13:30:07.844 [DiscoveryClient-InstanceInfoReplicator-%d] [trace=,span=] WARN  com.netflix.discovery.InstanceInfoReplicator - There was a problem with the instance info replicator
java.lang.NoClassDefFoundError: org/apache/commons/lang/exception/ExceptionUtils
	at com.netflix.discovery.shared.transport.decorator.RedirectingEurekaHttpClient.execute(RedirectingEurekaHttpClient.java:94)
	at com.netflix.discovery.shared.transport.decorator.EurekaHttpClientDecorator.register(EurekaHttpClientDecorator.java:56)
	at com.netflix.discovery.shared.transport.decorator.EurekaHttpClientDecorator$1.execute(EurekaHttpClientDecorator.java:59)
	at com.netflix.discovery.shared.transport.decorator.RetryableEurekaHttpClient.execute(RetryableEurekaHttpClient.java:120)
	at com.netflix.discovery.shared.transport.decorator.EurekaHttpClientDecorator.register(EurekaHttpClientDecorator.java:56)
	at com.netflix.discovery.shared.transport.decorator.EurekaHttpClientDecorator$1.execute(EurekaHttpClientDecorator.java:59)
	at com.netflix.discovery.shared.transport.decorator.SessionedEurekaHttpClient.execute(SessionedEurekaHttpClient.java:76)
	at com.netflix.discovery.shared.transport.decorator.EurekaHttpClientDecorator.register(EurekaHttpClientDecorator.java:56)
	at com.netflix.discovery.DiscoveryClient.register(DiscoveryClient.java:828)
	at com.netflix.discovery.InstanceInfoReplicator.run(InstanceInfoReplicator.java:125)
	at com.netflix.discovery.InstanceInfoReplicator$2.run(InstanceInfoReplicator.java:105)
	at java.base/java.util.concurrent.Executors$RunnableAdapter.call(Executors.java:539)
	at java.base/java.util.concurrent.FutureTask.run(FutureTask.java:264)
	at java.base/java.util.concurrent.ScheduledThreadPoolExecutor$ScheduledFutureTask.run(ScheduledThreadPoolExecutor.java:304)
	at java.base/java.util.concurrent.ThreadPoolExecutor.runWorker(ThreadPoolExecutor.java:1136)
	at java.base/java.util.concurrent.ThreadPoolExecutor$Worker.run(ThreadPoolExecutor.java:635)
	at java.base/java.lang.Thread.run(Thread.java:842)
Caused by: java.lang.ClassNotFoundException: org.apache.commons.lang.exception.ExceptionUtils
	at java.base/jdk.internal.loader.BuiltinClassLoader.loadClass(BuiltinClassLoader.java:641)
	at java.base/jdk.internal.loader.ClassLoaders$AppClassLoader.loadClass(ClassLoaders.java:188)
	at java.base/java.lang.ClassLoader.loadClass(ClassLoader.java:520)
	... 17 more
2026-05-22 13:30:08.750 [SpringApplicationShutdownHook] [trace=,span=] INFO  com.zaxxer.hikari.HikariDataSource - HikariPool-1 - Shutdown initiated...
2026-05-22 13:30:11.763 [SpringApplicationShutdownHook] [trace=,span=] INFO  com.zaxxer.hikari.HikariDataSource - HikariPool-1 - Shutdown completed.
2026-05-22 13:30:11.768 [SpringApplicationShutdownHook] [trace=,span=] INFO  com.netflix.discovery.DiscoveryClient - Shutting down DiscoveryClient ...
2026-05-22 13:30:13.243 [DiscoveryClient-HeartbeatExecutor-%d] [trace=,span=] ERROR com.netflix.discovery.DiscoveryClient - DiscoveryClient_AUTH-SERVICE/DESKTOP-0NACNM9:auth-service:8762 - was unable to send heartbeat!
java.lang.NoClassDefFoundError: org/apache/commons/lang/exception/ExceptionUtils
	at com.netflix.discovery.shared.transport.decorator.RedirectingEurekaHttpClient.execute(RedirectingEurekaHttpClient.java:94)
	at com.netflix.discovery.shared.transport.decorator.EurekaHttpClientDecorator.sendHeartBeat(EurekaHttpClientDecorator.java:89)
	at com.netflix.discovery.shared.transport.decorator.EurekaHttpClientDecorator$3.execute(EurekaHttpClientDecorator.java:92)
	at com.netflix.discovery.shared.transport.decorator.RetryableEurekaHttpClient.execute(RetryableEurekaHttpClient.java:120)
	at com.netflix.discovery.shared.transport.decorator.EurekaHttpClientDecorator.sendHeartBeat(EurekaHttpClientDecorator.java:89)
	at com.netflix.discovery.shared.transport.decorator.EurekaHttpClientDecorator$3.execute(EurekaHttpClientDecorator.java:92)
	at com.netflix.discovery.shared.transport.decorator.SessionedEurekaHttpClient.execute(SessionedEurekaHttpClient.java:76)
	at com.netflix.discovery.shared.transport.decorator.EurekaHttpClientDecorator.sendHeartBeat(EurekaHttpClientDecorator.java:89)
	at com.netflix.discovery.DiscoveryClient.renew(DiscoveryClient.java:845)
	at com.netflix.discovery.DiscoveryClient$HeartbeatThread.run(DiscoveryClient.java:1403)
	at java.base/java.util.concurrent.Executors$RunnableAdapter.call(Executors.java:539)
	at java.base/java.util.concurrent.FutureTask.run(FutureTask.java:264)
	at java.base/java.util.concurrent.ThreadPoolExecutor.runWorker(ThreadPoolExecutor.java:1136)
	at java.base/java.util.concurrent.ThreadPoolExecutor$Worker.run(ThreadPoolExecutor.java:635)
	at java.base/java.lang.Thread.run(Thread.java:842)
Caused by: java.lang.ClassNotFoundException: org.apache.commons.lang.exception.ExceptionUtils
	... 15 more
2026-05-22 13:30:13.276 [DiscoveryClient-CacheRefreshExecutor-%d] [trace=,span=] ERROR com.netflix.discovery.DiscoveryClient - Cannot fetch registry from server
java.lang.NoClassDefFoundError: org/apache/commons/lang/exception/ExceptionUtils
	at com.netflix.discovery.DiscoveryClient.fetchRegistry(DiscoveryClient.java:969)
	at com.netflix.discovery.DiscoveryClient.refreshRegistry(DiscoveryClient.java:1474)
	at com.netflix.discovery.DiscoveryClient$CacheRefreshThread.run(DiscoveryClient.java:1442)
	at java.base/java.util.concurrent.Executors$RunnableAdapter.call(Executors.java:539)
	at java.base/java.util.concurrent.FutureTask.run(FutureTask.java:264)
	at java.base/java.util.concurrent.ThreadPoolExecutor.runWorker(ThreadPoolExecutor.java:1136)
	at java.base/java.util.concurrent.ThreadPoolExecutor$Worker.run(ThreadPoolExecutor.java:635)
	at java.base/java.lang.Thread.run(Thread.java:842)
Caused by: java.lang.ClassNotFoundException: org.apache.commons.lang.exception.ExceptionUtils
	at java.base/jdk.internal.loader.BuiltinClassLoader.loadClass(BuiltinClassLoader.java:641)
	at java.base/jdk.internal.loader.ClassLoaders$AppClassLoader.loadClass(ClassLoaders.java:188)
	at java.base/java.lang.ClassLoader.loadClass(ClassLoader.java:520)
	... 8 more
2026-05-22 13:30:14.782 [SpringApplicationShutdownHook] [trace=,span=] INFO  com.netflix.discovery.DiscoveryClient - Unregistering ...
