2026-05-20 10:48:19.740 [main] [trace=,span=] INFO  com.yasirkhan.auth.AuthServiceApplication - Starting AuthServiceApplication using Java 17.0.11 with PID 11016 (D:\Uni Data\8th Semester\FYP II\BackEnd\auth-service\target\classes started by yasir in D:\Uni Data\8th Semester\FYP II\BackEnd\auth-service)
2026-05-20 10:48:19.767 [main] [trace=,span=] INFO  com.yasirkhan.auth.AuthServiceApplication - No active profile set, falling back to 1 default profile: "default"
2026-05-20 10:48:20.835 [background-preinit] [trace=,span=] INFO  org.hibernate.validator.internal.util.Version - HV000001: Hibernate Validator 9.0.1.Final
2026-05-20 10:48:29.154 [main] [trace=,span=] INFO  org.apache.coyote.http11.Http11NioProtocol - Initializing ProtocolHandler ["http-nio-8762"]
2026-05-20 10:48:29.159 [main] [trace=,span=] INFO  org.apache.catalina.core.StandardService - Starting service [Tomcat]
2026-05-20 10:48:29.159 [main] [trace=,span=] INFO  org.apache.catalina.core.StandardEngine - Starting Servlet engine: [Apache Tomcat/11.0.22]
2026-05-20 10:48:31.512 [main] [trace=,span=] INFO  org.hibernate.orm.jpa - HHH008540: Processing PersistenceUnitInfo [name: default]
2026-05-20 10:48:31.845 [main] [trace=,span=] INFO  org.hibernate.orm.core - HHH000001: Hibernate ORM core version 7.2.12.Final
2026-05-20 10:48:34.492 [main] [trace=,span=] INFO  com.zaxxer.hikari.HikariDataSource - HikariPool-1 - Starting...
2026-05-20 10:48:35.405 [main] [trace=,span=] INFO  com.zaxxer.hikari.pool.HikariPool - HikariPool-1 - Added connection org.postgresql.jdbc.PgConnection@673a5aa7
2026-05-20 10:48:35.405 [main] [trace=,span=] INFO  com.zaxxer.hikari.HikariDataSource - HikariPool-1 - Start completed.
2026-05-20 10:48:35.640 [main] [trace=,span=] WARN  org.hibernate.orm.deprecation - HHH90000025: PostgreSQLDialect does not need to be specified explicitly using 'hibernate.dialect' (remove the property setting and it will be selected by default)
2026-05-20 10:48:35.777 [main] [trace=,span=] INFO  org.hibernate.orm.connections.pooling - HHH10001005: Database info:
	Database JDBC URL [jdbc:postgresql://localhost:5432/wtms_auth_db]
	Database driver: PostgreSQL JDBC Driver
	Database dialect: PostgreSQLDialect
	Database version: 16.4
	Default catalog/schema: wtms_auth_db/public
	Autocommit mode: undefined/unknown
	Isolation level: READ_COMMITTED [default READ_COMMITTED]
	JDBC fetch size: none
	Pool: DataSourceConnectionProvider
	Minimum pool size: undefined/unknown
	Maximum pool size: undefined/unknown
2026-05-20 10:48:39.371 [main] [trace=,span=] INFO  org.hibernate.orm.core - HHH000489: No JTA platform available (set 'hibernate.transaction.jta.platform' to enable JTA platform integration)
2026-05-20 10:49:18.826 [main] [trace=,span=] INFO  com.netflix.discovery.DiscoveryClient - Initializing Eureka in region us-east-1
2026-05-20 10:49:18.834 [main] [trace=,span=] INFO  com.netflix.discovery.shared.resolver.aws.ConfigClusterResolver - Resolving eureka endpoints via configuration
2026-05-20 10:49:18.850 [main] [trace=,span=] INFO  com.netflix.discovery.DiscoveryClient - Disable delta property : false
2026-05-20 10:49:18.850 [main] [trace=,span=] INFO  com.netflix.discovery.DiscoveryClient - Single vip registry refresh property : null
2026-05-20 10:49:18.850 [main] [trace=,span=] INFO  com.netflix.discovery.DiscoveryClient - Force full registry fetch : false
2026-05-20 10:49:18.850 [main] [trace=,span=] INFO  com.netflix.discovery.DiscoveryClient - Application is null : false
2026-05-20 10:49:18.850 [main] [trace=,span=] INFO  com.netflix.discovery.DiscoveryClient - Registered Applications size is zero : true
2026-05-20 10:49:18.850 [main] [trace=,span=] INFO  com.netflix.discovery.DiscoveryClient - Application version is -1: true
2026-05-20 10:49:18.850 [main] [trace=,span=] INFO  com.netflix.discovery.DiscoveryClient - Getting all instance registry info from the eureka server
2026-05-20 10:49:19.817 [main] [trace=,span=] INFO  com.netflix.discovery.DiscoveryClient - The response status is 200
2026-05-20 10:49:19.817 [main] [trace=,span=] INFO  com.netflix.discovery.DiscoveryClient - Starting heartbeat executor: renew interval is: 30
2026-05-20 10:49:19.823 [main] [trace=,span=] INFO  com.netflix.discovery.InstanceInfoReplicator - InstanceInfoReplicator onDemand update allowed rate per min is 4
2026-05-20 10:49:19.828 [main] [trace=,span=] INFO  com.netflix.discovery.DiscoveryClient - Discovery Client initialized at timestamp 1779256159823 with initial instances count: 0
2026-05-20 10:49:19.834 [main] [trace=,span=] INFO  com.netflix.discovery.DiscoveryClient - Saw local status change event StatusChangeEvent [timestamp=1779256159834, current=UP, previous=STARTING]
2026-05-20 10:49:19.834 [DiscoveryClient-InstanceInfoReplicator-%d] [trace=,span=] INFO  com.netflix.discovery.DiscoveryClient - DiscoveryClient_AUTH-SERVICE/DESKTOP-0NACNM9:auth-service:8762: registering service...
2026-05-20 10:49:19.851 [main] [trace=,span=] INFO  org.apache.coyote.http11.Http11NioProtocol - Starting ProtocolHandler ["http-nio-8762"]
2026-05-20 10:49:20.585 [DiscoveryClient-InstanceInfoReplicator-%d] [trace=,span=] INFO  com.netflix.discovery.DiscoveryClient - DiscoveryClient_AUTH-SERVICE/DESKTOP-0NACNM9:auth-service:8762 - registration status: 204
2026-05-20 10:49:20.860 [main] [trace=,span=] INFO  com.yasirkhan.auth.AuthServiceApplication - Started AuthServiceApplication in 63.199 seconds (process running for 67.308)
2026-05-20 10:49:20.885 [main] [trace=,span=] WARN  org.springdoc.core.events.SpringDocAppInitializer - SpringDoc /v3/api-docs endpoint is enabled by default. To disable it in production, set the property 'springdoc.api-docs.enabled=false'
2026-05-20 10:49:20.885 [main] [trace=,span=] WARN  org.springdoc.core.events.SpringDocAppInitializer - SpringDoc /swagger-ui.html endpoint is enabled by default. To disable it in production, set the property 'springdoc.swagger-ui.enabled=false'
2026-05-20 10:49:21.412 [RMI TCP Connection(3)-192.168.100.88] [trace=,span=] INFO  org.apache.catalina.core.ContainerBase.[Tomcat].[localhost].[/] - Initializing Spring DispatcherServlet 'dispatcherServlet'
2026-05-20 10:49:49.836 [DiscoveryClient-CacheRefreshExecutor-%d] [trace=,span=] INFO  com.netflix.discovery.DiscoveryClient - Disable delta property : false
2026-05-20 10:49:49.836 [DiscoveryClient-CacheRefreshExecutor-%d] [trace=,span=] INFO  com.netflix.discovery.DiscoveryClient - Single vip registry refresh property : null
2026-05-20 10:49:49.836 [DiscoveryClient-CacheRefreshExecutor-%d] [trace=,span=] INFO  com.netflix.discovery.DiscoveryClient - Force full registry fetch : false
2026-05-20 10:49:49.836 [DiscoveryClient-CacheRefreshExecutor-%d] [trace=,span=] INFO  com.netflix.discovery.DiscoveryClient - Application is null : false
2026-05-20 10:49:49.836 [DiscoveryClient-CacheRefreshExecutor-%d] [trace=,span=] INFO  com.netflix.discovery.DiscoveryClient - Registered Applications size is zero : true
2026-05-20 10:49:49.836 [DiscoveryClient-CacheRefreshExecutor-%d] [trace=,span=] INFO  com.netflix.discovery.DiscoveryClient - Application version is -1: false
2026-05-20 10:49:49.836 [DiscoveryClient-CacheRefreshExecutor-%d] [trace=,span=] INFO  com.netflix.discovery.DiscoveryClient - Getting all instance registry info from the eureka server
2026-05-20 10:49:49.882 [DiscoveryClient-CacheRefreshExecutor-%d] [trace=,span=] INFO  com.netflix.discovery.DiscoveryClient - The response status is 200
2026-05-20 10:54:18.906 [AsyncResolver-bootstrap-executor-%d] [trace=,span=] INFO  com.netflix.discovery.shared.resolver.aws.ConfigClusterResolver - Resolving eureka endpoints via configuration
2026-05-20 10:59:18.944 [AsyncResolver-bootstrap-executor-%d] [trace=,span=] INFO  com.netflix.discovery.shared.resolver.aws.ConfigClusterResolver - Resolving eureka endpoints via configuration
2026-05-20 11:04:18.976 [AsyncResolver-bootstrap-executor-%d] [trace=,span=] INFO  com.netflix.discovery.shared.resolver.aws.ConfigClusterResolver - Resolving eureka endpoints via configuration
2026-05-20 11:09:18.992 [AsyncResolver-bootstrap-executor-%d] [trace=,span=] INFO  com.netflix.discovery.shared.resolver.aws.ConfigClusterResolver - Resolving eureka endpoints via configuration
2026-05-20 11:14:19.021 [AsyncResolver-bootstrap-executor-%d] [trace=,span=] INFO  com.netflix.discovery.shared.resolver.aws.ConfigClusterResolver - Resolving eureka endpoints via configuration
2026-05-20 11:19:19.106 [AsyncResolver-bootstrap-executor-%d] [trace=,span=] INFO  com.netflix.discovery.shared.resolver.aws.ConfigClusterResolver - Resolving eureka endpoints via configuration
2026-05-20 11:24:19.193 [AsyncResolver-bootstrap-executor-%d] [trace=,span=] INFO  com.netflix.discovery.shared.resolver.aws.ConfigClusterResolver - Resolving eureka endpoints via configuration
2026-05-20 11:29:19.237 [AsyncResolver-bootstrap-executor-%d] [trace=,span=] INFO  com.netflix.discovery.shared.resolver.aws.ConfigClusterResolver - Resolving eureka endpoints via configuration
2026-05-20 11:34:19.282 [AsyncResolver-bootstrap-executor-%d] [trace=,span=] INFO  com.netflix.discovery.shared.resolver.aws.ConfigClusterResolver - Resolving eureka endpoints via configuration
2026-05-20 11:39:19.310 [AsyncResolver-bootstrap-executor-%d] [trace=,span=] INFO  com.netflix.discovery.shared.resolver.aws.ConfigClusterResolver - Resolving eureka endpoints via configuration
2026-05-20 11:44:19.333 [AsyncResolver-bootstrap-executor-%d] [trace=,span=] INFO  com.netflix.discovery.shared.resolver.aws.ConfigClusterResolver - Resolving eureka endpoints via configuration
2026-05-20 11:49:19.363 [AsyncResolver-bootstrap-executor-%d] [trace=,span=] INFO  com.netflix.discovery.shared.resolver.aws.ConfigClusterResolver - Resolving eureka endpoints via configuration
2026-05-20 11:51:07.159 [http-nio-8762-exec-1] [trace=,span=] DEBUG org.hibernate.SQL - select u1_0.id,u1_0.email,u1_0.is_blocked,u1_0.password,rt1_0.id,rt1_0.expiration_date,rt1_0.token,rt1_0.user_id,u1_0.role,u1_0.token_version,u1_0.username from wtms_user u1_0 left join refresh_token rt1_0 on u1_0.id=rt1_0.user_id where u1_0.username=?
2026-05-20 11:51:07.567 [http-nio-8762-exec-1] [trace=,span=] DEBUG org.hibernate.SQL - update wtms_user set email=?,is_blocked=?,password=?,role=?,token_version=?,username=? where id=?
2026-05-20 11:51:08.537 [http-nio-8762-exec-2] [trace=,span=] DEBUG org.hibernate.SQL - select u1_0.id,u1_0.email,u1_0.is_blocked,u1_0.password,rt1_0.id,rt1_0.expiration_date,rt1_0.token,rt1_0.user_id,u1_0.role,u1_0.token_version,u1_0.username from wtms_user u1_0 left join refresh_token rt1_0 on u1_0.id=rt1_0.user_id where u1_0.username=?
2026-05-20 11:54:19.400 [AsyncResolver-bootstrap-executor-%d] [trace=,span=] INFO  com.netflix.discovery.shared.resolver.aws.ConfigClusterResolver - Resolving eureka endpoints via configuration
2026-05-20 11:59:19.436 [AsyncResolver-bootstrap-executor-%d] [trace=,span=] INFO  com.netflix.discovery.shared.resolver.aws.ConfigClusterResolver - Resolving eureka endpoints via configuration
2026-05-20 11:59:35.155 [SpringApplicationShutdownHook] [trace=,span=] INFO  com.netflix.discovery.DiscoveryClient - Saw local status change event StatusChangeEvent [timestamp=1779260375153, current=DOWN, previous=UP]
2026-05-20 11:59:35.157 [DiscoveryClient-InstanceInfoReplicator-%d] [trace=,span=] INFO  com.netflix.discovery.DiscoveryClient - DiscoveryClient_AUTH-SERVICE/DESKTOP-0NACNM9:auth-service:8762: registering service...
2026-05-20 11:59:35.437 [DiscoveryClient-InstanceInfoReplicator-%d] [trace=,span=] WARN  com.netflix.discovery.InstanceInfoReplicator - There was a problem with the instance info replicator
java.lang.NoClassDefFoundError: org/apache/commons/lang/exception/ExceptionUtils
	at com.netflix.discovery.shared.transport.decorator.RedirectingEurekaHttpClient.execute(RedirectingEurekaHttpClient.java:94)
	at com.netflix.discovery.shared.transport.decorator.EurekaHttpClientDecorator.register(EurekaHttpClientDecorator.java:56)
	at com.netflix.discovery.shared.transport.decorator.EurekaHttpClientDecorator$1.execute(EurekaHttpClientDecorator.java:59)
	at com.netflix.discovery.shared.transport.decorator.RetryableEurekaHttpClient.execute(RetryableEurekaHttpClient.java:120)
	at com.netflix.discovery.shared.transport.decorator.EurekaHttpClientDecorator.register(EurekaHttpClientDecorator.java:56)
	at com.netflix.discovery.shared.transport.decorator.EurekaHttpClientDecorator$1.execute(EurekaHttpClientDecorator.java:59)
	at com.netflix.discovery.shared.transport.decorator.SessionedEurekaHttpClient.execute(SessionedEurekaHttpClient.java:76)
	at com.netflix.discovery.shared.transport.decorator.EurekaHttpClientDecorator.register(EurekaHttpClientDecorator.java:56)
	at com.netflix.discovery.DiscoveryClient.register(DiscoveryClient.java:828)
	at com.netflix.discovery.InstanceInfoReplicator.run(InstanceInfoReplicator.java:125)
	at com.netflix.discovery.InstanceInfoReplicator$2.run(InstanceInfoReplicator.java:105)
	at java.base/java.util.concurrent.Executors$RunnableAdapter.call(Executors.java:539)
	at java.base/java.util.concurrent.FutureTask.run(FutureTask.java:264)
	at java.base/java.util.concurrent.ScheduledThreadPoolExecutor$ScheduledFutureTask.run(ScheduledThreadPoolExecutor.java:304)
	at java.base/java.util.concurrent.ThreadPoolExecutor.runWorker(ThreadPoolExecutor.java:1136)
	at java.base/java.util.concurrent.ThreadPoolExecutor$Worker.run(ThreadPoolExecutor.java:635)
	at java.base/java.lang.Thread.run(Thread.java:842)
Caused by: java.lang.ClassNotFoundException: org.apache.commons.lang.exception.ExceptionUtils
	at java.base/jdk.internal.loader.BuiltinClassLoader.loadClass(BuiltinClassLoader.java:641)
	at java.base/jdk.internal.loader.ClassLoaders$AppClassLoader.loadClass(ClassLoaders.java:188)
	at java.base/java.lang.ClassLoader.loadClass(ClassLoader.java:520)
	... 17 more
2026-05-20 11:59:37.208 [SpringApplicationShutdownHook] [trace=,span=] INFO  com.zaxxer.hikari.HikariDataSource - HikariPool-1 - Shutdown initiated...
2026-05-20 11:59:37.229 [SpringApplicationShutdownHook] [trace=,span=] INFO  com.zaxxer.hikari.HikariDataSource - HikariPool-1 - Shutdown completed.
2026-05-20 11:59:37.234 [SpringApplicationShutdownHook] [trace=,span=] INFO  com.netflix.discovery.DiscoveryClient - Shutting down DiscoveryClient ...
2026-05-20 11:59:40.253 [SpringApplicationShutdownHook] [trace=,span=] INFO  com.netflix.discovery.DiscoveryClient - Unregistering ...
